Warning: You are sending unauthenticated requests to the HF Hub. Please set a HF_TOKEN to enable higher rate limits and faster downloads.
[transformers] `torch_dtype` is deprecated! Use `dtype` instead!
Loading weights:   0%|          | 0/291 [00:00<?, ?it/s]Loading weights:   0%|          | 1/291 [00:00<01:14,  3.91it/s]Loading weights:  14%|█▎        | 40/291 [00:00<00:01, 137.73it/s]Loading weights:  21%|██▏       | 62/291 [00:00<00:01, 163.02it/s]Loading weights:  29%|██▉       | 85/291 [00:00<00:01, 173.03it/s]Loading weights:  38%|███▊      | 110/291 [00:00<00:00, 196.04it/s]Loading weights:  46%|████▌     | 133/291 [00:00<00:00, 173.44it/s]Loading weights:  54%|█████▎    | 156/291 [00:00<00:00, 188.34it/s]Loading weights:  61%|██████    | 177/291 [00:01<00:00, 180.76it/s]Loading weights:  69%|██████▉   | 202/291 [00:01<00:00, 192.62it/s]Loading weights:  79%|███████▊  | 229/291 [00:01<00:00, 180.73it/s]Loading weights:  86%|████████▌ | 249/291 [00:01<00:00, 179.50it/s]Loading weights:  92%|█████████▏| 268/291 [00:01<00:00, 170.34it/s]Loading weights:  98%|█████████▊| 286/291 [00:02<00:00, 76.02it/s] Loading weights: 100%|██████████| 291/291 [00:02<00:00, 132.01it/s]
[transformers] Ignoring clean_up_tokenization_spaces=True for BPE tokenizer TokenizersBackend. The clean_up_tokenization post-processing step is designed for WordPiece tokenizers and is destructive for BPE (it strips spaces before punctuation). Set clean_up_tokenization_spaces=False to suppress this warning, or set clean_up_tokenization_spaces_for_bpe_even_though_it_will_corrupt_output=True to force cleanup anyway.
[1/250] 1: complete
[2/250] 2: complete
[3/250] 9: complete
[4/250] 10: complete
[5/250] 14: complete
[6/250] 16: insufficient_valid_paraphrases
[7/250] 17: complete
[8/250] 22: complete
[9/250] 26: complete
[10/250] 27: complete
[11/250] 29: complete
[12/250] 30: complete
[13/250] 39: complete
[14/250] 40: complete
[15/250] 41: complete
[16/250] 42: complete
[17/250] 52: complete
[18/250] 53: complete
[19/250] 60: complete
[20/250] 62: complete
[21/250] 63: complete
[22/250] 64: insufficient_valid_paraphrases
[23/250] 66: complete
[24/250] 74: complete
[25/250] 75: insufficient_valid_paraphrases
[26/250] 82: insufficient_valid_paraphrases
[27/250] 90: complete
[28/250] 91: complete
[29/250] 95: complete
[30/250] 99: complete
[31/250] 100: complete
[32/250] 105: insufficient_valid_paraphrases
[33/250] 106: complete
[34/250] 107: complete
[35/250] 109: complete
[36/250] 116: insufficient_valid_paraphrases
[37/250] 119: complete
[38/250] 132: complete
[39/250] 138: complete
[40/250] 142: complete
[41/250] 147: insufficient_valid_paraphrases
[42/250] 151: complete
[43/250] 154: complete
[44/250] 155: complete
[45/250] 157: complete
[46/250] 160: insufficient_valid_paraphrases
[47/250] 162: complete
[48/250] 169: insufficient_valid_paraphrases
[49/250] 170: not_localized
[50/250] 178: insufficient_valid_paraphrases
[51/250] 185: complete
[52/250] 198: complete
[53/250] 207: complete
[54/250] 210: complete
[55/250] 216: complete
[56/250] 223: complete
[57/250] 228: insufficient_valid_paraphrases
[58/250] 229: complete
[59/250] 230: complete
[60/250] 238: complete
[61/250] 259: complete
[62/250] 271: complete
[63/250] 273: complete
[64/250] 282: complete
[65/250] 285: complete
[66/250] 290: complete
[67/250] 291: complete
[68/250] 297: complete
[69/250] 303: complete
[70/250] 310: insufficient_valid_paraphrases
[71/250] 317: complete
[72/250] 319: complete
[73/250] 321: complete
[74/250] 327: complete
[75/250] 331: complete
[76/250] 334: complete
[77/250] 339: complete
[78/250] 341: complete
[79/250] 346: complete
[80/250] 348: complete
[81/250] 349: not_localized
[82/250] 352: complete
[83/250] 354: complete
[84/250] 355: complete
[85/250] 360: complete
[86/250] 362: complete
[87/250] 363: complete
[88/250] 364: complete
[89/250] 365: complete
[90/250] 366: complete
[91/250] 367: complete
[92/250] 368: complete
[93/250] 376: complete
[94/250] 383: complete
[95/250] 385: complete
[96/250] 391: complete
[97/250] 394: complete
[98/250] 401: complete
[99/250] 402: complete
[100/250] 404: complete
[101/250] 408: complete
[102/250] 409: not_localized
[103/250] 410: complete
[104/250] 411: complete
[105/250] 414: complete
[106/250] 422: complete
[107/250] 423: complete
[108/250] 426: complete
[109/250] 427: complete
[110/250] 429: insufficient_valid_paraphrases
[111/250] 430: complete
[112/250] 433: complete
[113/250] 438: complete
[114/250] 443: complete
[115/250] 447: complete
[116/250] 451: complete
[117/250] 453: complete
[118/250] 454: complete
[119/250] 459: insufficient_valid_paraphrases
[120/250] 461: complete
[121/250] 464: complete
[122/250] 471: complete
[123/250] 474: complete
[124/250] 477: complete
[125/250] 480: complete
[126/250] 482: complete
[127/250] 485: complete
[128/250] 491: complete
[129/250] 496: insufficient_valid_paraphrases
[130/250] 499: complete
[131/250] 501: complete
[132/250] 502: complete
[133/250] 521: complete
[134/250] 522: complete
[135/250] 526: complete
[136/250] 529: complete
[137/250] 531: complete
[138/250] 539: complete
[139/250] 545: complete
[140/250] 551: insufficient_valid_paraphrases
[141/250] 554: complete
[142/250] 558: complete
[143/250] 564: complete
[144/250] 565: insufficient_valid_paraphrases
[145/250] 566: complete
[146/250] 568: complete
[147/250] 570: complete
[148/250] 573: complete
[149/250] 575: complete
[150/250] 585: complete
[151/250] 588: insufficient_valid_paraphrases
[152/250] 590: complete
[153/250] 595: complete
[154/250] 608: insufficient_valid_paraphrases
[155/250] 610: complete
[156/250] 618: complete
[157/250] 619: complete
[158/250] 622: complete
[159/250] 631: complete
[160/250] 634: insufficient_valid_paraphrases
[161/250] 640: complete
[162/250] 641: complete
[163/250] 653: complete
[164/250] 656: complete
[165/250] 659: insufficient_valid_paraphrases
[166/250] 662: complete
[167/250] 664: complete
[168/250] 669: complete
[169/250] 671: not_localized
[170/250] 675: complete
[171/250] 681: complete
[172/250] 683: complete
[173/250] 696: complete
[174/250] 700: complete
[175/250] 702: complete
[176/250] 703: complete
[177/250] 718: complete
[178/250] 722: complete
[179/250] 728: complete
[180/250] 730: complete
[181/250] 746: complete
[182/250] 753: complete
[183/250] 757: complete
[184/250] 758: complete
[185/250] 760: complete
[186/250] 764: complete
[187/250] 765: insufficient_valid_paraphrases
[188/250] 766: complete
[189/250] 768: complete
[190/250] 769: complete
[191/250] 772: complete
[192/250] 774: complete
[193/250] 783: complete
[194/250] 787: complete
[195/250] 788: complete
[196/250] 789: complete
[197/250] 790: complete
[198/250] 802: complete
[199/250] 806: complete
[200/250] 811: complete
[201/250] 813: complete
[202/250] 814: complete
[203/250] 815: complete
[204/250] 820: complete
[205/250] 824: complete
[206/250] 825: insufficient_valid_paraphrases
[207/250] 831: complete
[208/250] 835: complete
[209/250] 836: complete
[210/250] 837: complete
[211/250] 840: complete
[212/250] 843: complete
[213/250] 856: complete
[214/250] 859: complete
[215/250] 862: complete
[216/250] 863: complete
[217/250] 865: complete
[218/250] 869: complete
[219/250] 871: complete
[220/250] 874: complete
[221/250] 876: complete
[222/250] 882: complete
[223/250] 884: insufficient_valid_paraphrases
[224/250] 891: complete
[225/250] 893: not_localized
[226/250] 897: complete
[227/250] 900: complete
[228/250] 903: complete
[229/250] 907: not_localized
[230/250] 908: complete
[231/250] 909: complete
[232/250] 911: complete
[233/250] 919: insufficient_valid_paraphrases
[234/250] 923: complete
[235/250] 924: complete
[236/250] 929: complete
[237/250] 930: complete
[238/250] 932: complete
[239/250] 934: complete
[240/250] 937: complete
[241/250] 942: complete
[242/250] 950: complete
[243/250] 951: complete
[244/250] 960: complete
[245/250] 972: complete
[246/250] 973: complete
[247/250] 977: complete
[248/250] 980: complete
[249/250] 991: complete
[250/250] 996: complete
Wrote v10 outputs to /home/tong56/other_bench/HaluEval/keyshift_v10_open_maxspan10_chain
